EN iterative_1d NULL "C:/Workspace VHDL limpio/Practica3a/iterative_1d.vhd" sub00/vhpl03 1510674184
EN cell NULL "C:/Workspace VHDL limpio/Practica3a/cell.vhd" sub00/vhpl01 1510674182
PH definitions NULL "C:/Workspace VHDL limpio/Practica3a/definitions.vhd" sub00/vhpl00 1510674181
AR iterative_1d behavioral "C:/Workspace VHDL limpio/Practica3a/iterative_1d.vhd" sub00/vhpl04 1510674185
AR cell behavioral "C:/Workspace VHDL limpio/Practica3a/cell.vhd" sub00/vhpl02 1510674183
